
> rejectly-pro@0.1.0 dev
> next dev --turbopack

   ▲ Next.js 15.5.9 (Turbopack)
   - Local:        http://localhost:3000
   - Network:      http://192.168.1.109:3000
   - Environments: .env.local
   - Experiments (use with caution):
     · optimizePackageImports

 ✓ Starting...
 ✓ Compiled middleware in 238ms
 ✓ Ready in 1683ms
 ○ Compiling /api/cv/extract-photo ...
 ✓ Compiled /api/cv/extract-photo in 1059ms
Warning: Cannot polyfill `DOMMatrix`, rendering may be broken: "Error: Cannot find module 'canvas'
Require stack:
- /Users/alp179/Downloads/rejectly-pro/node_modules/pdfjs-dist/legacy/build/pdf.js
- /Users/alp179/Downloads/rejectly-pro/.next/server/chunks/[root-of-the-server]__db5d047b._.js
- /Users/alp179/Downloads/rejectly-pro/.next/server/chunks/[turbopack]_runtime.js
- /Users/alp179/Downloads/rejectly-pro/.next/server/app/api/cv/extract-photo/route.js
- /Users/alp179/Downloads/rejectly-pro/node_modules/next/dist/server/require.js
- /Users/alp179/Downloads/rejectly-pro/node_modules/next/dist/server/load-components.js
- /Users/alp179/Downloads/rejectly-pro/node_modules/next/dist/build/utils.js
- /Users/alp179/Downloads/rejectly-pro/node_modules/next/dist/build/swc/options.js
- /Users/alp179/Downloads/rejectly-pro/node_modules/next/dist/build/swc/index.js
- /Users/alp179/Downloads/rejectly-pro/node_modules/next/dist/build/next-config-ts/transpile-config.js
- /Users/alp179/Downloads/rejectly-pro/node_modules/next/dist/server/config.js
- /Users/alp179/Downloads/rejectly-pro/node_modules/next/dist/server/next.js
- /Users/alp179/Downloads/rejectly-pro/node_modules/next/dist/server/lib/start-server.js".
Warning: Cannot polyfill `Path2D`, rendering may be broken: "Error: Cannot find module 'canvas'
Require stack:
- /Users/alp179/Downloads/rejectly-pro/node_modules/pdfjs-dist/legacy/build/pdf.js
- /Users/alp179/Downloads/rejectly-pro/.next/server/chunks/[root-of-the-server]__db5d047b._.js
- /Users/alp179/Downloads/rejectly-pro/.next/server/chunks/[turbopack]_runtime.js
- /Users/alp179/Downloads/rejectly-pro/.next/server/app/api/cv/extract-photo/route.js
- /Users/alp179/Downloads/rejectly-pro/node_modules/next/dist/server/require.js
- /Users/alp179/Downloads/rejectly-pro/node_modules/next/dist/server/load-components.js
- /Users/alp179/Downloads/rejectly-pro/node_modules/next/dist/build/utils.js
- /Users/alp179/Downloads/rejectly-pro/node_modules/next/dist/build/swc/options.js
- /Users/alp179/Downloads/rejectly-pro/node_modules/next/dist/build/swc/index.js
- /Users/alp179/Downloads/rejectly-pro/node_modules/next/dist/build/next-config-ts/transpile-config.js
- /Users/alp179/Downloads/rejectly-pro/node_modules/next/dist/server/config.js
- /Users/alp179/Downloads/rejectly-pro/node_modules/next/dist/server/next.js
- /Users/alp179/Downloads/rejectly-pro/node_modules/next/dist/server/lib/start-server.js".
 POST /api/cv/extract-photo 401 in 1510ms
 ✓ Compiled /api/user/credits in 304ms
 GET /api/user/credits 200 in 976ms
 ○ Compiling /reports/[id] ...
 ✓ Compiled /reports/[id] in 2.9s
 GET /reports/c72088fa-10cd-4c7c-9859-510aced9cb1d 200 in 3885ms
 ✓ Compiled /api/ats/check in 397ms


🔍 ATS CHECK ENDPOINT CALLED 🔍


📋 ATS Check Request: {
  documentId: undefined,
  reportId: undefined,
  hasCvText: true,
  unlock: false,
  useAI: false
}
🌐 Public ATS check (no auth required), useAI: false
📊 Calculating public deterministic ATS score...
📊 Public ATS Score: 57 Needs Improvement
 POST /api/ats/check 200 in 723ms
 GET /api/user/credits 200 in 1556ms
 GET /api/user/credits 200 in 550ms
 GET /api/user/credits 200 in 554ms
 GET /api/user/credits 200 in 761ms
 GET /api/user/credits 200 in 489ms
 ✓ Compiled /dashboard in 463ms
 GET /dashboard 200 in 601ms
 GET /api/user/credits 200 in 1060ms
 GET /api/user/credits 200 in 1073ms
 ✓ Compiled /analyze in 390ms
 GET /analyze 200 in 517ms
 GET /api/user/credits 200 in 574ms
 ✓ Compiled /api/analyze/free in 292ms
 POST /api/analyze/free 200 in 18523ms
 GET /api/user/credits 200 in 738ms
 GET /reports/0a413cb5-9ee4-40ba-a89f-4a58e036dd73 200 in 103ms


🔍 ATS CHECK ENDPOINT CALLED 🔍


📋 ATS Check Request: {
  documentId: undefined,
  reportId: undefined,
  hasCvText: true,
  unlock: false,
  useAI: false
}
🌐 Public ATS check (no auth required), useAI: false
📊 Calculating public deterministic ATS score...
📊 Public ATS Score: 57 Needs Improvement
 POST /api/ats/check 200 in 258ms
 GET /api/user/credits 200 in 517ms
 GET /api/user/credits 200 in 455ms
 ✓ Compiled /api/analyze/pro in 384ms
Checking access for user: 7cd9482f-dff0-42c5-ab74-d3151ca228ca
Access status: {
  canAnalyze: true,
  credits: 4,
  hasSubscription: false,
  subscriptionStatus: undefined
}
 POST /api/analyze/pro 200 in 4860ms
 ✓ Compiled /api/cv/suggest-tools in 193ms
 POST /api/cv/suggest-tools 200 in 17710ms
[extract-photo] Downloading PDF from: https://mxnytawzqzrounbomqxf.supabase.co/storage/v1/object/sign/cv-files/7cd9482...
[extract-photo] PDF size: 636077 bytes
[extract-photo] Parsing PDF with pdfjs-dist...
[extract-photo] Detected Object Dimensions: 72x72 (Area: 5184)
[extract-photo] ✅ Accepted as candidate photo!
[extract-photo] Detected Object Dimensions: 500x500 (Area: 250000)
[extract-photo] ✅ Accepted as candidate photo!
[extract-photo] Extracted raw image with dimensions 500x500
 POST /api/cv/extract-photo 200 in 1725ms
 ⚠ Found a change in next.config.ts. Restarting the server to apply the changes...
   ▲ Next.js 15.5.9 (Turbopack)
   - Local:        http://localhost:3000
   - Network:      http://192.168.1.109:3000
   - Environments: .env.local
   - Experiments (use with caution):
     · optimizePackageImports
     · outputFileTracingIncludes

 ✓ Starting...
 ✓ Compiled middleware in 221ms
 ✓ Ready in 1603ms
 ⚠ Found a change in next.config.ts. Restarting the server to apply the changes...
   ▲ Next.js 15.5.9 (Turbopack)
   - Local:        http://localhost:3000
   - Network:      http://192.168.1.109:3000
   - Environments: .env.local
   - Experiments (use with caution):
     · optimizePackageImports

 ✓ Starting...
 ○ Compiling middleware ...
 ✓ Compiled middleware in 843ms
 ✓ Ready in 2.5s
 ○ Compiling /api/user/credits ...
 ✓ Compiled /api/user/credits in 1168ms
 ⨯ [Error: ENOENT: no such file or directory, open '/Users/alp179/Downloads/rejectly-pro/.next/static/development/_buildManifest.js.tmp.oyvwdybhfaf'] {
  errno: -2,
  code: 'ENOENT',
  syscall: 'open',
  path: '/Users/alp179/Downloads/rejectly-pro/.next/static/development/_buildManifest.js.tmp.oyvwdybhfaf'
}
 ○ Compiling /_error ...
 ✓ Compiled /_error in 806ms
 ⨯ [Error: ENOENT: no such file or directory, open '/Users/alp179/Downloads/rejectly-pro/.next/static/development/_buildManifest.js.tmp.nf0163zvmj'] {
  errno: -2,
  code: 'ENOENT',
  syscall: 'open',
  path: '/Users/alp179/Downloads/rejectly-pro/.next/static/development/_buildManifest.js.tmp.nf0163zvmj'
}
[Error: ENOENT: no such file or directory, open '/Users/alp179/Downloads/rejectly-pro/.next/static/development/_buildManifest.js.tmp.oyvwdybhfaf'] {
  errno: -2,
  code: 'ENOENT',
  syscall: 'open',
  path: '/Users/alp179/Downloads/rejectly-pro/.next/static/development/_buildManifest.js.tmp.oyvwdybhfaf'
}
 ⨯ [Error: ENOENT: no such file or directory, open '/Users/alp179/Downloads/rejectly-pro/.next/static/development/_buildManifest.js.tmp.1eaic0422wm'] {
  errno: -2,
  code: 'ENOENT',
  syscall: 'open',
  path: '/Users/alp179/Downloads/rejectly-pro/.next/static/development/_buildManifest.js.tmp.1eaic0422wm'
}
[Error: ENOENT: no such file or directory, open '/Users/alp179/Downloads/rejectly-pro/.next/static/development/_buildManifest.js.tmp.kdtio1bavt'] {
  errno: -2,
  code: 'ENOENT',
  syscall: 'open',
  path: '/Users/alp179/Downloads/rejectly-pro/.next/static/development/_buildManifest.js.tmp.kdtio1bavt'
}
 ○ Compiling /analyze ...
 ✓ Compiled /analyze in 1240ms
 ⨯ [Error: ENOENT: no such file or directory, open '/Users/alp179/Downloads/rejectly-pro/.next/static/development/_buildManifest.js.tmp.mnv8q4jvce'] {
  errno: -2,
  code: 'ENOENT',
  syscall: 'open',
  path: '/Users/alp179/Downloads/rejectly-pro/.next/static/development/_buildManifest.js.tmp.mnv8q4jvce'
}
 ⨯ [Error: ENOENT: no such file or directory, open '/Users/alp179/Downloads/rejectly-pro/.next/static/development/_buildManifest.js.tmp.avh4mcp0x2q'] {
  errno: -2,
  code: 'ENOENT',
  syscall: 'open',
  path: '/Users/alp179/Downloads/rejectly-pro/.next/static/development/_buildManifest.js.tmp.avh4mcp0x2q'
}
[Error: ENOENT: no such file or directory, open '/Users/alp179/Downloads/rejectly-pro/.next/static/development/_buildManifest.js.tmp.mnv8q4jvce'] {
  errno: -2,
  code: 'ENOENT',
  syscall: 'open',
  path: '/Users/alp179/Downloads/rejectly-pro/.next/static/development/_buildManifest.js.tmp.mnv8q4jvce'
}
 ⨯ [Error: ENOENT: no such file or directory, open '/Users/alp179/Downloads/rejectly-pro/.next/static/development/_buildManifest.js.tmp.5mnkprzpw1o'] {
  errno: -2,
  code: 'ENOENT',
  syscall: 'open',
  path: '/Users/alp179/Downloads/rejectly-pro/.next/static/development/_buildManifest.js.tmp.5mnkprzpw1o'
}
[Error: ENOENT: no such file or directory, open '/Users/alp179/Downloads/rejectly-pro/.next/static/development/_buildManifest.js.tmp.8x0ebkasgom'] {
  errno: -2,
  code: 'ENOENT',
  syscall: 'open',
  path: '/Users/alp179/Downloads/rejectly-pro/.next/static/development/_buildManifest.js.tmp.8x0ebkasgom'
}
 ⨯ [Error: ENOENT: no such file or directory, open '/Users/alp179/Downloads/rejectly-pro/.next/static/development/_buildManifest.js.tmp.aa0pxam7are'] {
  errno: -2,
  code: 'ENOENT',
  syscall: 'open',
  path: '/Users/alp179/Downloads/rejectly-pro/.next/static/development/_buildManifest.js.tmp.aa0pxam7are'
}
 ⨯ [Error: ENOENT: no such file or directory, open '/Users/alp179/Downloads/rejectly-pro/.next/static/development/_buildManifest.js.tmp.73mgcv15k3'] {
  errno: -2,
  code: 'ENOENT',
  syscall: 'open',
  path: '/Users/alp179/Downloads/rejectly-pro/.next/static/development/_buildManifest.js.tmp.73mgcv15k3'
}
[Error: ENOENT: no such file or directory, open '/Users/alp179/Downloads/rejectly-pro/.next/static/development/_buildManifest.js.tmp.aa0pxam7are'] {
  errno: -2,
  code: 'ENOENT',
  syscall: 'open',
  path: '/Users/alp179/Downloads/rejectly-pro/.next/static/development/_buildManifest.js.tmp.aa0pxam7are'
}
 ⨯ [Error: ENOENT: no such file or directory, open '/Users/alp179/Downloads/rejectly-pro/.next/static/development/_buildManifest.js.tmp.smo88i32i'] {
  errno: -2,
  code: 'ENOENT',
  syscall: 'open',
  path: '/Users/alp179/Downloads/rejectly-pro/.next/static/development/_buildManifest.js.tmp.smo88i32i'
}
[Error: ENOENT: no such file or directory, open '/Users/alp179/Downloads/rejectly-pro/.next/static/development/_buildManifest.js.tmp.a97t39nc8a'] {
  errno: -2,
  code: 'ENOENT',
  syscall: 'open',
  path: '/Users/alp179/Downloads/rejectly-pro/.next/static/development/_buildManifest.js.tmp.a97t39nc8a'
}
 ⨯ [Error: ENOENT: no such file or directory, open '/Users/alp179/Downloads/rejectly-pro/.next/static/development/_buildManifest.js.tmp.kqvori5kgra'] {
  errno: -2,
  code: 'ENOENT',
  syscall: 'open',
  path: '/Users/alp179/Downloads/rejectly-pro/.next/static/development/_buildManifest.js.tmp.kqvori5kgra'
}
[Error: ENOENT: no such file or directory, open '/Users/alp179/Downloads/rejectly-pro/.next/static/development/_buildManifest.js.tmp.42lanrohdsx'] {
  errno: -2,
  code: 'ENOENT',
  syscall: 'open',
  path: '/Users/alp179/Downloads/rejectly-pro/.next/static/development/_buildManifest.js.tmp.42lanrohdsx'
}
 ⨯ [Error: ENOENT: no such file or directory, open '/Users/alp179/Downloads/rejectly-pro/.next/static/development/_buildManifest.js.tmp.47vqmvu6b61'] {
  errno: -2,
  code: 'ENOENT',
  syscall: 'open',
  path: '/Users/alp179/Downloads/rejectly-pro/.next/static/development/_buildManifest.js.tmp.47vqmvu6b61'
}
[Error: ENOENT: no such file or directory, open '/Users/alp179/Downloads/rejectly-pro/.next/static/development/_buildManifest.js.tmp.k6hoe41p9f'] {
  errno: -2,
  code: 'ENOENT',
  syscall: 'open',
  path: '/Users/alp179/Downloads/rejectly-pro/.next/static/development/_buildManifest.js.tmp.k6hoe41p9f'
}
 ✓ Compiled in 1566ms

-----
[1m[31mFATAL[39m[0m: An unexpected Turbopack error occurred. A panic log has been written to /var/folders/tb/0391rbpn4lsb6jdrcw6365vm0000gn/T/next-panic-d899a7fce7d36664cfb48907296715dc.log.

To help make Turbopack better, report this error by ]8;;https://github.com/vercel/next.js/discussions/new?category=turbopack-error-report&title=Turbopack%20Error%3A%20Next.js%20package%20not%20found&body=Turbopack%20version%3A%20%60911504000%60%0ANext.js%20version%3A%20%600.0.0%60%0A%0AError%20message%3A%0A%60%60%60%0ANext.js%20package%20not%20found%0A%0ADebug%20info%3A%0A-%20Execution%20of%20subscribe_issues_and_diags_operation%20failed%0A-%20Execution%20of%20endpoint_server_changed_operation%20failed%0A-%20Execution%20of%20pick_endpoint%20failed%0A-%20Execution%20of%20entrypoints_without_collectibles_operation%20failed%0A-%20Execution%20of%20Project%3A%3Aentrypoints%20failed%0A-%20Execution%20of%20AppProject%3A%3Aroutes%20failed%0A-%20Execution%20of%20directory_tree_to_entrypoints_internal%20failed%0A-%20Execution%20of%20get_next_package%20failed%0A-%20Next.js%20package%20not%20found%0A%60%60%60&labels=Turbopack,Turbopack%20Panic%20Backtrace\clicking here.]8;;\
-----

Error [TurbopackInternalError]: Next.js package not found

Debug info:
- Execution of get_entrypoints_with_issues_operation failed
- Execution of EntrypointsOperation::new failed
- Execution of Project::entrypoints failed
- Execution of AppProject::routes failed
- Execution of directory_tree_to_entrypoints_internal failed
- Execution of get_next_package failed
- Next.js package not found
    at <unknown> (TurbopackInternalError: Next.js package not found) {
  location: undefined
}
[?25h
